
> fusion-site@0.1.0 build
> prisma generate && next build

Environment variables loaded from .env
Prisma schema loaded from prisma\schema.prisma
node.exe : Error: 
At line:1 char:1
+ & "C:\Program Files\nodejs/node.exe" "C:\Program 
Files\nodejs/node_mo ...
+ ~~~~~~~~~~~~~~~~~~~~~~~~~~~~~~~~~~~~~~~~~~~~~~~~~~
~~~~~~~~~~~~~~~~~~~
    + CategoryInfo          : NotSpecified: (Error: 
    :String) [], RemoteException
    + FullyQualifiedErrorId : NativeCommandError
 
EPERM: operation not permitted, rename 'C:\Users\Use
r\Desktop\Fusion\officialfusionshroombars\node_modul
es\.prisma\client\query_engine-windows.dll.node.tmp2
4224' -> 'C:\Users\User\Desktop\Fusion\officialfusio
nshroombars\node_modules\.prisma\client\query_engine
-windows.dll.node'


